<title>Vdbench output/config.html</title><pre>
Output from script /home/saurabh/Desktop/Assignment-4/vdbench/linux/config.sh: 

stderr: /home/saurabh/Desktop/Assignment-4/vdbench/linux/config.sh: line 17: ifconfig: command not found
Wednesday 25 November 2020 02:09:43 AM IST
>>>>>uname -a
Linux saurabh-VirtualBox 5.4.0-54-generic #60-Ubuntu SMP Fri Nov 6 10:37:59 UTC 2020 x86_64 x86_64 x86_64 GNU/Linux
Wednesday 25 November 2020 02:09:43 AM IST
>>>>>ifconfig -a
Wednesday 25 November 2020 02:09:43 AM IST
>>>>>id
uid=0(root) gid=0(root) groups=0(root)
Wednesday 25 November 2020 02:09:43 AM IST
>>>>>mount
sysfs on /sys type sysfs (rw,nosuid,nodev,noexec,relatime)
proc on /proc type proc (rw,nosuid,nodev,noexec,relatime)
udev on /dev type devtmpfs (rw,nosuid,noexec,relatime,size=2528412k,nr_inodes=632103,mode=755)
devpts on /dev/pts type devpts (rw,nosuid,noexec,relatime,gid=5,mode=620,ptmxmode=000)
tmpfs on /run type tmpfs (rw,nosuid,nodev,noexec,relatime,size=511364k,mode=755)
/dev/sda5 on / type ext4 (rw,relatime,errors=remount-ro)
securityfs on /sys/kernel/security type securityfs (rw,nosuid,nodev,noexec,relatime)
tmpfs on /dev/shm type tmpfs (rw,nosuid,nodev)
tmpfs on /run/lock type tmpfs (rw,nosuid,nodev,noexec,relatime,size=5120k)
tmpfs on /sys/fs/cgroup type tmpfs (ro,nosuid,nodev,noexec,mode=755)
cgroup2 on /sys/fs/cgroup/unified type cgroup2 (rw,nosuid,nodev,noexec,relatime,nsdelegate)
cgroup on /sys/fs/cgroup/systemd type cgroup (rw,nosuid,nodev,noexec,relatime,xattr,name=systemd)
pstore on /sys/fs/pstore type pstore (rw,nosuid,nodev,noexec,relatime)
none on /sys/fs/bpf type bpf (rw,nosuid,nodev,noexec,relatime,mode=700)
cgroup on /sys/fs/cgroup/net_cls,net_prio type cgroup (rw,nosuid,nodev,noexec,relatime,net_cls,net_prio)
cgroup on /sys/fs/cgroup/hugetlb type cgroup (rw,nosuid,nodev,noexec,relatime,hugetlb)
cgroup on /sys/fs/cgroup/blkio type cgroup (rw,nosuid,nodev,noexec,relatime,blkio)
cgroup on /sys/fs/cgroup/rdma type cgroup (rw,nosuid,nodev,noexec,relatime,rdma)
cgroup on /sys/fs/cgroup/cpu,cpuacct type cgroup (rw,nosuid,nodev,noexec,relatime,cpu,cpuacct)
cgroup on /sys/fs/cgroup/devices type cgroup (rw,nosuid,nodev,noexec,relatime,devices)
cgroup on /sys/fs/cgroup/memory type cgroup (rw,nosuid,nodev,noexec,relatime,memory)
cgroup on /sys/fs/cgroup/freezer type cgroup (rw,nosuid,nodev,noexec,relatime,freezer)
cgroup on /sys/fs/cgroup/pids type cgroup (rw,nosuid,nodev,noexec,relatime,pids)
cgroup on /sys/fs/cgroup/perf_event type cgroup (rw,nosuid,nodev,noexec,relatime,perf_event)
cgroup on /sys/fs/cgroup/cpuset type cgroup (rw,nosuid,nodev,noexec,relatime,cpuset)
systemd-1 on /proc/sys/fs/binfmt_misc type autofs (rw,relatime,fd=28,pgrp=1,timeout=0,minproto=5,maxproto=5,direct,pipe_ino=16470)
hugetlbfs on /dev/hugepages type hugetlbfs (rw,relatime,pagesize=2M)
mqueue on /dev/mqueue type mqueue (rw,nosuid,nodev,noexec,relatime)
debugfs on /sys/kernel/debug type debugfs (rw,nosuid,nodev,noexec,relatime)
tracefs on /sys/kernel/tracing type tracefs (rw,nosuid,nodev,noexec,relatime)
fusectl on /sys/fs/fuse/connections type fusectl (rw,nosuid,nodev,noexec,relatime)
configfs on /sys/kernel/config type configfs (rw,nosuid,nodev,noexec,relatime)
/var/lib/snapd/snaps/gnome-3-34-1804_60.snap on /snap/gnome-3-34-1804/60 type squashfs (ro,nodev,relatime,x-gdu.hide)
/var/lib/snapd/snaps/gnome-3-34-1804_36.snap on /snap/gnome-3-34-1804/36 type squashfs (ro,nodev,relatime,x-gdu.hide)
/var/lib/snapd/snaps/core18_1880.snap on /snap/core18/1880 type squashfs (ro,nodev,relatime,x-gdu.hide)
/var/lib/snapd/snaps/snapd_8542.snap on /snap/snapd/8542 type squashfs (ro,nodev,relatime,x-gdu.hide)
/var/lib/snapd/snaps/gtk-common-themes_1506.snap on /snap/gtk-common-themes/1506 type squashfs (ro,nodev,relatime,x-gdu.hide)
/var/lib/snapd/snaps/snap-store_467.snap on /snap/snap-store/467 type squashfs (ro,nodev,relatime,x-gdu.hide)
/var/lib/snapd/snaps/core18_1932.snap on /snap/core18/1932 type squashfs (ro,nodev,relatime,x-gdu.hide)
/var/lib/snapd/snaps/snapd_9721.snap on /snap/snapd/9721 type squashfs (ro,nodev,relatime,x-gdu.hide)
/dev/sda1 on /boot/efi type vfat (rw,relatime,fmask=0077,dmask=0077,codepage=437,iocharset=iso8859-1,shortname=mixed,errors=remount-ro)
tmpfs on /run/user/1000 type tmpfs (rw,nosuid,nodev,relatime,size=511360k,mode=700,uid=1000,gid=1000)
gvfsd-fuse on /run/user/1000/gvfs type fuse.gvfsd-fuse (rw,nosuid,nodev,relatime,user_id=1000,group_id=1000)
/dev/fuse on /run/user/1000/doc type fuse (rw,nosuid,nodev,relatime,user_id=1000,group_id=1000)
/dev/sr0 on /media/saurabh/VBox_GAs_6.1.14 type iso9660 (ro,nosuid,nodev,relatime,nojoliet,check=s,map=n,blocksize=2048,uid=1000,gid=1000,dmode=500,fmode=400,uhelper=udisks2)
new-pool on /new-pool type zfs (rw,xattr,noacl)
Wednesday 25 November 2020 02:09:43 AM IST
>>>>>memory
MemTotal:        5113624 kB
MemFree:         1274292 kB
MemAvailable:    2197696 kB
Buffers:           81344 kB
Cached:          1061324 kB
SwapCached:            0 kB
Active:          2888228 kB
Inactive:         612348 kB
Active(anon):    2359736 kB
Inactive(anon):    57220 kB
Active(file):     528492 kB
Inactive(file):   555128 kB
Unevictable:          16 kB
Mlocked:              16 kB
SwapTotal:       1455280 kB
SwapFree:        1455280 kB
Dirty:              1400 kB
Writeback:             0 kB
AnonPages:       2357876 kB
Mapped:           496728 kB
Shmem:             59052 kB
KReclaimable:      94380 kB
Slab:             199732 kB
SReclaimable:      94380 kB
SUnreclaim:       105352 kB
KernelStack:       16248 kB
PageTables:        26328 kB
NFS_Unstable:          0 kB
Bounce:                0 kB
WritebackTmp:          0 kB
CommitLimit:     4012092 kB
Committed_AS:    7768076 kB
VmallocTotal:   34359738367 kB
VmallocUsed:       80600 kB
VmallocChunk:          0 kB
Percpu:             3488 kB
HardwareCorrupted:     0 kB
AnonHugePages:         0 kB
ShmemHugePages:        0 kB
ShmemPmdMapped:        0 kB
FileHugePages:         0 kB
FilePmdMapped:         0 kB
CmaTotal:              0 kB
CmaFree:               0 kB
HugePages_Total:       0
HugePages_Free:        0
HugePages_Rsvd:        0
HugePages_Surp:        0
Hugepagesize:       2048 kB
Hugetlb:               0 kB
DirectMap4k:      255936 kB
DirectMap2M:     5046272 kB
              total        used        free      shared  buff/cache   available
Mem:        5113624     2602284     1274292       59052     1237048     2197696
Low:        5113624     3839332     1274292
High:             0           0           0
Swap:       1455280           0     1455280
Wednesday 25 November 2020 02:09:43 AM IST
>>>>>ps -ef | grep -i vdb
saurabh    10332    1411  1 01:14 ?        00:00:35 evince /home/saurabh/Desktop/Assignment-4/vdbench.pdf
root       10945    3231  0 02:09 pts/0    00:00:00 sudo ./vdbench -f dedup_zfs
root       10946   10945  0 02:09 pts/0    00:00:00 /bin/bash ./vdbench -f dedup_zfs
root       10948   10946 77 02:09 pts/0    00:00:01 java -client -Xmx512m -Xms64m -cp ./:./classes:./vdbench.jar Vdb.Vdbmain -f dedup_zfs
root       10976   10948  0 02:09 pts/0    00:00:00 /bin/bash /home/saurabh/Desktop/Assignment-4/vdbench/vdbench SlaveJvm -m localhost -n localhost-10-201125-02.09.42.096 -l localhost-0 -p 5570
root       10980   10976 64 02:09 pts/0    00:00:01 java -client -Xmx1024m -Xms128m -cp /home/saurabh/Desktop/Assignment-4/vdbench/:/home/saurabh/Desktop/Assignment-4/vdbench/classes:/home/saurabh/Desktop/Assignment-4/vdbench/vdbench.jar Vdb.SlaveJvm SlaveJvm -m localhost -n localhost-10-201125-02.09.42.096 -l localhost-0 -p 5570
root       11051   10948  0 02:09 pts/0    00:00:00 /bin/bash /home/saurabh/Desktop/Assignment-4/vdbench/linux/config.sh -o /home/saurabh/Desktop/Assignment-4/vdbench/output localhost
root       11070   11051  0 02:09 pts/0    00:00:00 grep -i vdb

